========================================= test session starts ==========================================
platform win32 -- Python 3.13.5, pytest-8.4.0, pluggy-1.6.0 -- C:\Users\dat1k\AppData\Local\Programs\Python\Python313\python.exe
cachedir: .pytest_cache
django: version: 5.2.3, settings: api.settings (from env)
rootdir: C:\Users\dat1k\bug-hunting-framework\backend
configfile: pytest.ini
plugins: anyio-4.9.0, Faker-37.4.0, asyncio-1.0.0, cov-6.2.1, django-4.11.1, forked-1.6.0, xdist-3.7.0
asyncio: mode=Mode.STRICT, asyncio_default_fixture_loop_scope=None, asyncio_default_test_loop_scope=function
collecting ... collected 150 items

backend\tests\api\test_execution_api.py::TestExecutionAPI::test_execute_workflow_stage_success PASSED [  0%]
backend\tests\api\test_execution_api.py::TestExecutionAPI::test_execute_workflow_stage_invalid_stage PASSED [  1%]
backend\tests\api\test_execution_api.py::TestExecutionAPI::test_execute_workflow_stage_workflow_not_found PASSED [  2%]
backend\tests\api\test_execution_api.py::TestExecutionAPI::test_get_workflow_status_success PASSED [  2%]
backend\tests\api\test_execution_api.py::TestExecutionAPI::test_get_workflow_status_not_found PASSED [  3%]
backend\tests\api\test_execution_api.py::TestExecutionAPI::test_get_stage_status_success PASSED   [  4%]
backend\tests\api\test_execution_api.py::TestExecutionAPI::test_get_stage_status_stage_not_found PASSED [  4%]
backend\tests\api\test_execution_api.py::TestExecutionAPI::test_cancel_stage_execution_success PASSED [  5%]
backend\tests\api\test_execution_api.py::TestExecutionAPI::test_cancel_stage_execution_not_running PASSED [  6%]
backend\tests\api\test_execution_api.py::TestExecutionAPI::test_get_stage_logs_success PASSED     [  6%]
backend\tests\api\test_execution_api.py::TestExecutionAPI::test_get_stage_logs_stage_not_found PASSED [  7%]
backend\tests\api\test_execution_api.py::TestExecutionAPI::test_list_running_containers_success PASSED [  8%]
backend\tests\api\test_execution_api.py::TestExecutionAPI::test_get_container_status_success PASSED [  8%]
backend\tests\api\test_execution_api.py::TestExecutionAPI::test_get_container_status_not_found PASSED [  9%]
backend\tests\api\test_execution_api.py::TestExecutionAPI::test_stop_container_success PASSED     [ 10%]
backend\tests\api\test_execution_api.py::TestExecutionAPI::test_stop_container_not_found PASSED   [ 10%]
backend\tests\api\test_execution_api.py::TestExecutionAPI::test_get_container_logs_success PASSED [ 11%]
backend\tests\api\test_execution_api.py::TestExecutionAPI::test_get_container_logs_not_found PASSED [ 12%]
backend\tests\api\test_execution_api.py::TestExecutionAPI::test_api_response_format_consistency PASSED [ 12%]
backend\tests\api\test_targets_api.py::TestTargetsAPI::test_create_target_success PASSED          [ 13%]
backend\tests\api\test_targets_api.py::TestTargetsAPI::test_create_target_validation_error PASSED [ 14%]
backend\tests\api\test_targets_api.py::TestTargetsAPI::test_get_target_success PASSED             [ 14%]
backend\tests\api\test_targets_api.py::TestTargetsAPI::test_get_target_not_found PASSED           [ 15%]
backend\tests\api\test_targets_api.py::TestTargetsAPI::test_update_target_success PASSED          [ 16%]
backend\tests\api\test_targets_api.py::TestTargetsAPI::test_update_target_not_found PASSED        [ 16%]
backend\tests\api\test_targets_api.py::TestTargetsAPI::test_delete_target_success PASSED          [ 17%]
backend\tests\api\test_targets_api.py::TestTargetsAPI::test_delete_target_not_found PASSED        [ 18%]
backend\tests\api\test_targets_api.py::TestTargetsAPI::test_list_targets_success PASSED           [ 18%]
backend\tests\api\test_targets_api.py::TestTargetsAPI::test_list_targets_with_pagination PASSED   [ 19%]
backend\tests\api\test_targets_api.py::TestTargetsAPI::test_list_targets_with_filtering PASSED    [ 20%]
backend\tests\api\test_targets_api.py::TestTargetsAPI::test_get_target_summary PASSED             [ 20%]
backend\tests\api\test_targets_api.py::TestTargetsAPI::test_validate_target_success PASSED        [ 21%]
backend\tests\api\test_targets_api.py::TestTargetsAPI::test_validate_target_failure PASSED        [ 22%]
backend\tests\api\test_targets_api.py::TestTargetsAPI::test_get_targets_overview PASSED           [ 22%]
backend\tests\integration\test_workflow_integration.py::TestWorkflowIntegration::test_complete_workflow_lifecycle PASSED [ 23%]
backend\tests\integration\test_workflow_integration.py::TestWorkflowIntegration::test_workflow_error_handling PASSED [ 24%]
backend\tests\integration\test_workflow_integration.py::TestWorkflowIntegration::test_concurrent_workflow_execution PASSED [ 24%]
backend\tests\integration\test_workflow_integration.py::TestWorkflowIntegration::test_data_persistence_across_stages PASSED [ 25%]
backend\tests\models\test_active_recon_model.py::TestActiveReconResultModel::test_active_recon_result_creation PASSED [ 26%]
backend\tests\models\test_active_recon_model.py::TestActiveReconResultModel::test_active_recon_result_to_dict PASSED [ 26%]
backend\tests\models\test_active_recon_model.py::TestPortModel::test_port_creation PASSED         [ 27%]
backend\tests\models\test_active_recon_model.py::TestPortModel::test_port_to_dict PASSED          [ 28%]
backend\tests\models\test_active_recon_model.py::TestServiceModel::test_service_creation PASSED   [ 28%]
backend\tests\models\test_active_recon_model.py::TestServiceModel::test_service_to_dict PASSED    [ 29%]
backend\tests\models\test_kill_chain_model.py::TestKillChainModel::test_kill_chain_creation PASSED [ 30%]
backend\tests\models\test_kill_chain_model.py::TestKillChainModel::test_kill_chain_to_dict PASSED [ 30%]
backend\tests\models\test_kill_chain_model.py::TestAttackPathModel::test_attack_path_creation PASSED [ 31%]
backend\tests\models\test_kill_chain_model.py::TestAttackPathModel::test_attack_path_to_dict PASSED [ 32%]
backend\tests\models\test_passive_recon_model.py::TestPassiveReconResultModel::test_passive_recon_result_creation PASSED [ 32%]
backend\tests\models\test_passive_recon_model.py::TestPassiveReconResultModel::test_passive_recon_result_to_dict PASSED [ 33%]
backend\tests\models\test_passive_recon_model.py::TestSubdomainModel::test_subdomain_creation PASSED [ 34%]
backend\tests\models\test_passive_recon_model.py::TestSubdomainModel::test_subdomain_to_dict FAILED [ 34%]
backend\tests\models\test_report_model.py::TestReportModel::test_report_creation PASSED           [ 35%]
backend\tests\models\test_report_model.py::TestReportModel::test_report_to_dict PASSED            [ 36%]
backend\tests\models\test_target_model.py::TestTargetModel::test_target_creation PASSED           [ 36%]
backend\tests\models\test_target_model.py::TestTargetModel::test_target_defaults PASSED           [ 37%]
backend\tests\models\test_target_model.py::TestTargetModel::test_target_domain_validation PASSED  [ 38%]
backend\tests\models\test_target_model.py::TestTargetModel::test_target_domain_validation_database PASSED [ 38%]
backend\tests\models\test_target_model.py::TestTargetModel::test_target_ip_range_validation PASSED [ 39%]
backend\tests\models\test_target_model.py::TestTargetModel::test_target_subnet_validation PASSED  [ 40%]
backend\tests\models\test_target_model.py::TestTargetModel::test_target_wildcard_validation PASSED [ 40%]
backend\tests\models\test_target_model.py::TestTargetModel::test_target_properties PASSED         [ 41%]
backend\tests\models\test_target_model.py::TestTargetModel::test_target_display_name PASSED       [ 42%]
backend\tests\models\test_target_model.py::TestTargetModel::test_target_to_dict PASSED            [ 42%]
backend\tests\models\test_target_model.py::TestTargetModel::test_target_repr PASSED               [ 43%]
backend\tests\models\test_target_model.py::TestTargetModel::test_target_creation_success PASSED   [ 44%]
backend\tests\models\test_target_model.py::TestTargetModel::test_target_creation_minimal_data PASSED [ 44%]
backend\tests\models\test_target_model.py::TestTargetModel::test_target_ip_addresses_validation PASSED [ 45%]
backend\tests\models\test_target_model.py::TestTargetModel::test_target_scope_validation PASSED   [ 46%]
backend\tests\models\test_target_model.py::TestTargetModel::test_target_description_validation PASSED [ 46%]
backend\tests\models\test_target_model.py::TestTargetModel::test_target_update PASSED             [ 47%]
backend\tests\models\test_target_model.py::TestTargetModel::test_target_validation_methods PASSED [ 48%]
backend\tests\models\test_target_model.py::TestTargetModel::test_target_scope_matching PASSED     [ 48%]
backend\tests\models\test_vulnerability_model.py::TestVulnerabilityModel::test_vulnerability_creation PASSED [ 49%]
backend\tests\models\test_vulnerability_model.py::TestVulnerabilityModel::test_vulnerability_to_dict PASSED [ 50%]
backend\tests\models\test_vulnerability_model.py::TestVulnerabilityFindingModel::test_vulnerability_finding_creation PASSED [ 50%]
backend\tests\models\test_vulnerability_model.py::TestVulnerabilityFindingModel::test_vulnerability_finding_to_dict PASSED [ 51%]
backend\tests\test_execution_service.py::TestExecutionService::test_init_docker_client_success PASSED [ 52%]
backend\tests\test_execution_service.py::TestExecutionService::test_init_docker_client_failure PASSED [ 52%]
backend\tests\test_execution_service.py::TestExecutionService::test_execute_stage_container_success PASSED [ 53%]
backend\tests\test_execution_service.py::TestExecutionService::test_execute_stage_container_docker_not_available PASSED [ 54%]
backend\tests\test_execution_service.py::TestExecutionService::test_execute_stage_container_target_not_found PASSED [ 54%]
backend\tests\test_execution_service.py::TestExecutionService::test_execute_stage_container_workflow_not_found PASSED [ 55%]
backend\tests\test_execution_service.py::TestExecutionService::test_execute_stage_container_invalid_stage PASSED [ 56%]
backend\tests\test_execution_service.py::TestExecutionService::test_execute_stage_container_docker_error PASSED [ 56%]
backend\tests\test_execution_service.py::TestExecutionService::test_prepare_container_config PASSED [ 57%]
backend\tests\test_execution_service.py::TestExecutionService::test_get_stage_specific_config_passive_recon PASSED [ 58%]
backend\tests\test_execution_service.py::TestExecutionService::test_get_stage_specific_config_active_recon PASSED [ 58%]
backend\tests\test_execution_service.py::TestExecutionService::test_get_stage_specific_config_vulnerability_scan PASSED [ 59%]
backend\tests\test_execution_service.py::TestExecutionService::test_run_container_success PASSED  [ 60%]
backend\tests\test_execution_service.py::TestExecutionService::test_run_container_failure PASSED  [ 60%]
backend\tests\test_execution_service.py::TestExecutionService::test_run_container_docker_exception PASSED [ 61%]
backend\tests\test_execution_service.py::TestExecutionService::test_update_workflow_status_success PASSED [ 62%]
backend\tests\test_execution_service.py::TestExecutionService::test_update_workflow_status_workflow_not_found PASSED [ 62%]
backend\tests\test_execution_service.py::TestExecutionService::test_determine_workflow_status_all_completed PASSED [ 63%]
backend\tests\test_execution_service.py::TestExecutionService::test_determine_workflow_status_with_failed PASSED [ 64%]
backend\tests\test_execution_service.py::TestExecutionService::test_determine_workflow_status_with_running PASSED [ 64%]
backend\tests\test_execution_service.py::TestExecutionService::test_determine_workflow_status_all_pending PASSED [ 65%]
backend\tests\test_execution_service.py::TestExecutionService::test_get_container_status_success PASSED [ 66%]
backend\tests\test_execution_service.py::TestExecutionService::test_get_container_status_not_found PASSED [ 66%]
backend\tests\test_execution_service.py::TestExecutionService::test_stop_container_success PASSED [ 67%]
backend\tests\test_execution_service.py::TestExecutionService::test_stop_container_not_found PASSED [ 68%]
backend\tests\test_execution_service.py::TestExecutionService::test_list_running_containers_success PASSED [ 68%]
backend\tests\test_execution_service.py::TestExecutionService::test_determine_workflow_status_debug PASSED [ 69%]
backend\tests\test_execution_service.py::TestExecutionService::test_determine_workflow_status_direct PASSED [ 70%]
backend\tests\test_report_service.py::TestReportService::test_create_report_success PASSED        [ 70%]
backend\tests\test_report_service.py::TestReportService::test_create_report_workflow_not_found PASSED [ 71%]
backend\tests\test_report_service.py::TestReportService::test_create_report_already_exists PASSED [ 72%]
backend\tests\test_report_service.py::TestReportService::test_get_report_success PASSED           [ 72%]
backend\tests\test_report_service.py::TestReportService::test_get_report_not_found PASSED         [ 73%]
backend\tests\test_report_service.py::TestReportService::test_get_reports_success PASSED          [ 74%]
backend\tests\test_report_service.py::TestReportService::test_update_report_success PASSED        [ 74%]
backend\tests\test_report_service.py::TestReportService::test_update_report_not_found PASSED      [ 75%]
backend\tests\test_report_service.py::TestReportService::test_delete_report_success PASSED        [ 76%]
backend\tests\test_report_service.py::TestReportService::test_delete_report_not_found PASSED      [ 76%]
backend\tests\test_report_service.py::TestReportService::test_generate_report_success PASSED      [ 77%]
backend\tests\test_report_service.py::TestReportService::test_generate_report_workflow_not_found PASSED [ 78%]
backend\tests\test_report_service.py::TestReportService::test_export_report_success PASSED        [ 78%]
backend\tests\test_report_service.py::TestReportService::test_export_report_not_found PASSED      [ 79%]
backend\tests\test_report_service.py::TestReportService::test_get_report_templates_success PASSED [ 80%]
backend\tests\test_report_service.py::TestReportService::test_get_template_sections_default PASSED [ 80%]
backend\tests\test_report_service.py::TestReportService::test_get_template_sections_executive PASSED [ 81%]
backend\tests\test_report_service.py::TestReportService::test_get_template_sections_invalid PASSED [ 82%]
backend\tests\test_report_service.py::TestReportService::test_generate_executive_summary PASSED   [ 82%]
backend\tests\test_report_service.py::TestReportService::test_generate_methodology_section PASSED [ 83%]
backend\tests\test_report_service.py::TestReportService::test_generate_findings_section PASSED    [ 84%]
backend\tests\test_report_service.py::TestReportService::test_generate_recommendations_section PASSED [ 84%]
backend\tests\test_report_service.py::TestReportService::test_generate_appendix_section PASSED    [ 85%]
backend\tests\test_report_service.py::TestReportService::test_export_report_content_json PASSED   [ 86%]
backend\tests\test_report_service.py::TestReportService::test_export_report_content_markdown PASSED [ 86%]
backend\tests\test_report_service.py::TestReportService::test_export_report_content_unsupported_format PASSED [ 87%]
backend\tests\test_report_service.py::TestReportService::test_convert_to_markdown PASSED          [ 88%]
backend\tests\test_workflow_service.py::TestWorkflowService::test_create_workflow_success PASSED  [ 88%]
backend\tests\test_workflow_service.py::TestWorkflowService::test_create_workflow_target_not_found PASSED [ 89%]
backend\tests\test_workflow_service.py::TestWorkflowService::test_create_workflow_already_exists PASSED [ 90%]
backend\tests\test_workflow_service.py::TestWorkflowService::test_get_workflow_success PASSED     [ 90%]
backend\tests\test_workflow_service.py::TestWorkflowService::test_get_workflow_not_found PASSED   [ 91%]
backend\tests\test_workflow_service.py::TestWorkflowService::test_get_workflows_success PASSED    [ 92%]
backend\tests\test_workflow_service.py::TestWorkflowService::test_update_workflow_success PASSED  [ 92%]
backend\tests\test_workflow_service.py::TestWorkflowService::test_update_workflow_not_found PASSED [ 93%]
backend\tests\test_workflow_service.py::TestWorkflowService::test_delete_workflow_success PASSED  [ 94%]
backend\tests\test_workflow_service.py::TestWorkflowService::test_delete_workflow_not_found PASSED [ 94%]
backend\tests\test_workflow_service.py::TestWorkflowService::test_get_workflow_summary_success PASSED [ 95%]
backend\tests\test_workflow_service.py::TestWorkflowService::test_execute_stage_success PASSED    [ 96%]
backend\tests\test_workflow_service.py::TestWorkflowService::test_execute_stage_invalid_stage PASSED [ 96%]
backend\tests\test_workflow_service.py::TestWorkflowService::test_execute_stage_already_running PASSED [ 97%]
backend\tests\test_workflow_service.py::TestWorkflowService::test_execute_stage_dependency_not_met PASSED [ 98%]
backend\tests\test_workflow_service.py::TestWorkflowService::test_get_workflow_statistics_success PASSED [ 98%]
backend\tests\test_workflow_service.py::TestWorkflowService::test_validate_stage_dependencies_success PASSED [ 99%]
backend\tests\test_workflow_service.py::TestWorkflowService::test_validate_stage_dependencies_failure PASSED [100%]

=============================================== FAILURES ===============================================
______________________________ TestSubdomainModel.test_subdomain_to_dict _______________________________

self = <tests.models.test_passive_recon_model.TestSubdomainModel object at 0x0000014F2F1E9090>

    def test_subdomain_to_dict(self):
        sub = Subdomain(
            id=uuid4(),
            name="b.example.com",
            domain="example.com",
            subdomain_part="b",
            status=SubdomainStatus.UNKNOWN,
            is_verified=False,
            ip_addresses=None,
            sources=[ReconSource.AMASS.value],
            passive_recon_result_id=uuid4(),
            created_at=datetime.now(timezone.utc),
            updated_at=datetime.now(timezone.utc)
        )
>       d = sub.to_dict()
            ^^^^^^^^^^^^^

backend\tests\models\test_passive_recon_model.py:96: 
_ _ _ _ _ _ _ _ _ _ _ _ _ _ _ _ _ _ _ _ _ _ _ _ _ _ _ _ _ _ _ _ _ _ _ _ _ _ _ _ _ _ _ _ _ _ _ _ _ _ _ _ 

self = <Subdomain(name='b.example.com', status='unknown')>

    def to_dict(self) -> dict:
        """Convert subdomain to dictionary."""
        base_dict = super().to_dict()
        return {
            **base_dict,
            'id': str(self.id),
>           'target_id': str(self.passive_recon_result.target_id),
                             ^^^^^^^^^^^^^^^^^^^^^^^^^^^^^^^^^^^
            'subdomain': self.name,
            'domain': self.domain,
            'ip_addresses': self.ip_addresses,
            'status': self.status.value if hasattr(self.status, 'value') else self.status,
            'source': self.sources[0] if self.sources and isinstance(self.sources, list) else (self.sources or None),
            'extra_metadata': self.extra_metadata,
            'created_at': self.created_at.isoformat() if self.created_at else None,
            'updated_at': self.updated_at.isoformat() if self.updated_at else None,
        }
E       AttributeError: 'NoneType' object has no attribute 'target_id'

backend\core\models\passive_recon.py:167: AttributeError
======================================= short test summary info ========================================
FAILED backend\tests\models\test_passive_recon_model.py::TestSubdomainModel::test_subdomain_to_dict - ...
========================= 1 failed, 149 passed, 3 warnings in 67.42s (0:01:07) =========================
